Configuration file: E:/githubio/_config.yml
            Source: E:/githubio
       Destination: E:/githubio/_site
 Incremental build: disabled. Enable with --incremental
      Generating... 
       Jekyll Feed: Generating feed for posts
                    done in 18.905 seconds.
 Auto-regeneration: enabled for 'E:/githubio'
    Server address: http://127.0.0.1:4000/
  Server running... press ctrl-c to stop.
      Regenerating: 1 file(s) changed at 2026-04-16 01:56:12
                    .jekyll-serve.log
       Jekyll Feed: Generating feed for posts
[2026-04-16 01:56:25] ERROR Errno::ECONNRESET: An existing connection was forcibly closed by the remote host. @ io_fillbuf - fd:14 
	D:/Ruby34/lib/ruby/gems/3.4.0/gems/webrick-1.9.2/lib/webrick/httpserver.rb:82:in 'IO#eof?'
	D:/Ruby34/lib/ruby/gems/3.4.0/gems/webrick-1.9.2/lib/webrick/httpserver.rb:82:in 'WEBrick::HTTPServer#run'
	D:/Ruby34/lib/ruby/gems/3.4.0/gems/webrick-1.9.2/lib/webrick/server.rb:309:in 'block in WEBrick::GenericServer#start_thread'
                    ...done in 13.4240914 seconds.
                    
      Regenerating: 1 file(s) changed at 2026-04-16 01:56:25
                    .jekyll-serve.log
       Jekyll Feed: Generating feed for posts
                    ...done in 12.632338 seconds.
                    
      Regenerating: 1 file(s) changed at 2026-04-16 01:56:38
                    .jekyll-serve.log
       Jekyll Feed: Generating feed for posts
                    ...done in 12.9118087 seconds.
                    
      Regenerating: 1 file(s) changed at 2026-04-16 01:56:51
                    .jekyll-serve.log
       Jekyll Feed: Generating feed for posts
                    ...done in 12.1984277 seconds.
                    
      Regenerating: 3 file(s) changed at 2026-04-16 01:57:03
                    .jekyll-serve.log
                    .history/_sass/layout/_page_20260416095518.scss
                    .history/_sass/layout/_page_20260416095701.scss
       Jekyll Feed: Generating feed for posts
终止批处理操作吗(Y/N)? 
